---
title: 记录一次vm上，磁盘扩容
date: 2022-09-26 20:54:35
permalink: /pages/30aaec/
categories:
  - 运维
  - linux知识
tags:
  - 
---
# 记录一次vm上，磁盘扩容

系统磁盘空间只有20G已经使用完了，在vm上操作扩容至50G

```shell
[root@oracle ~]# df -h
Filesystem           Size  Used Avail Use% Mounted on
devtmpfs             1.8G     0  1.8G   0% /dev
tmpfs                1.8G     0  1.8G   0% /dev/shm
tmpfs                1.8G  9.7M  1.8G   1% /run
tmpfs                1.8G     0  1.8G   0% /sys/fs/cgroup
/dev/mapper/ol-root   12G   12G  328K 100% /
/dev/sda1            497M  221M  276M  45% /boot
tmpfs                368M     0  368M   0% /run/user/0
tmpfs                368M   36K  368M   1% /run/user/1000
/dev/sr0             4.5G  4.5G     0 100% /run/media/ly/OL-7.8 Server.x86_64
```



```
[root@oracle ~]# lsblk
NAME        MAJ:MIN RM  SIZE RO TYPE MOUNTPOINT
sr0          11:0    1  4.5G  0 rom  /run/media/ly/OL-7.8 Server.x86_64
sda           8:0    0   50G  0 disk 
├─sda2        8:2    0 19.5G  0 part 
│ ├─ol-swap 252:1    0  7.8G  0 lvm  [SWAP]
│ └─ol-root 252:0    0 11.7G  0 lvm  /
└─sda1        8:1    0  500M  0 part /boot
```



```
[root@oracle ~]# fdisk -l

Disk /dev/sda: 53.7 GB, 53687091200 bytes, 104857600 sectors
Units = sectors of 1 * 512 = 512 bytes
Sector size (logical/physical): 512 bytes / 512 bytes
I/O size (minimum/optimal): 512 bytes / 512 bytes
Disk label type: dos
Disk identifier: 0x000b2f27

   Device Boot      Start         End      Blocks   Id  System
/dev/sda1   *        2048     1026047      512000   83  Linux
/dev/sda2         1026048    41943039    20458496   8e  Linux LVM
/dev/sda3        41943040   104857599    31457280   83  Linux

```

将/dev/sda3设置为Linux LVM

t，进行模式修改

3，表示修改第三个分区的类型

8e，表示将类型修改为8e

p，查看修改结果

w保存，会提示下一次重启时会生效

```
[root@oracle ~]# fdisk /dev/sda
Welcome to fdisk (util-linux 2.23.2).

Changes will remain in memory only, until you decide to write them.
Be careful before using the write command.


Command (m for help): m
Command action
   a   toggle a bootable flag
   b   edit bsd disklabel
   c   toggle the dos compatibility flag
   d   delete a partition
   g   create a new empty GPT partition table
   G   create an IRIX (SGI) partition table
   l   list known partition types
   m   print this menu
   n   add a new partition
   o   create a new empty DOS partition table
   p   print the partition table
   q   quit without saving changes
   s   create a new empty Sun disklabel
   t   change a partition's system id
   u   change display/entry units
   v   verify the partition table
   w   write table to disk and exit
   x   extra functionality (experts only)

Command (m for help): t
Partition number (1-3, default 3): 3
Hex code (type L to list all codes): 8e
Changed type of partition 'Linux' to 'Linux LVM'

Command (m for help): p

Disk /dev/sda: 53.7 GB, 53687091200 bytes, 104857600 sectors
Units = sectors of 1 * 512 = 512 bytes
Sector size (logical/physical): 512 bytes / 512 bytes
I/O size (minimum/optimal): 512 bytes / 512 bytes
Disk label type: dos
Disk identifier: 0x000b2f27

   Device Boot      Start         End      Blocks   Id  System
/dev/sda1   *        2048     1026047      512000   83  Linux
/dev/sda2         1026048    41943039    20458496   8e  Linux LVM
/dev/sda3        41943040   104857599    31457280   8e  Linux LVM

Command (m for help): w
The partition table has been altered!

Calling ioctl() to re-read partition table.

WARNING: Re-reading the partition table failed with error 16: Device or resource busy.
The kernel still uses the old table. The new table will be used at
the next reboot or after you run partprobe(8) or kpartx(8)
Syncing disks.
```

## 创建物理卷(PV)

